# InnoDB记录存储结构

## InnoDB页简介

`InnoDB`是一个将表中的数据存储到磁盘上的存储引擎，所以即使关机后重启我们的数据还是存在的。而真正处理数据的过程是发生在内存中的，所以需要把磁盘中的数据加载到内存中，如果是处理写入或修改请求的话，还需要把内存中的内容刷新到磁盘上。而我们知道读写磁盘的速度非常慢，和内存读写差了几个数量级，所以当我们想从表中获取某些记录时，`InnoDB`存储引擎需要一条一条的把记录从磁盘上读出来么？不，那样会慢死，`InnoDB`采取的方式是：将数据划分为若干个页，以页作为磁盘和内存之间交互的基本单位，InnoDB中页的大小一般为 ***16*** KB。也就是在一般情况下，一次最少从磁盘中读取16KB的内容到内存中，一次最少把内存中的16KB内容刷新到磁盘中。

## InnoDB行格式

我们平时是以记录为单位来向表中插入数据的，这些记录在磁盘上的存放方式也被称为`行格式`或者`记录格式`。设计`InnoDB`存储引擎的大叔们到现在为止设计了4种不同类型的`行格式`，分别是`Compact`、`Redundant`、`Dynamic`和`Compressed`行格式，随着时间的推移，他们可能会设计出更多的行格式，但是不管怎么变，在原理上大体都是相同的。

### 指定行格式的语法

我们可以在创建或修改表的语句中指定`行格式`：

```
CREATE TABLE 表名 (列的信息) ROW_FORMAT=行格式名称
    
ALTER TABLE 表名 ROW_FORMAT=行格式名称
```

比如我们在`xiaohaizi`数据库里创建一个演示用的表`record_format_demo`，可以这样指定它的`行格式`：

```
mysql> USE xiaohaizi;
Database changed

mysql> CREATE TABLE record_format_demo (
    ->     c1 VARCHAR(10),
    ->     c2 VARCHAR(10) NOT NULL,
    ->     c3 CHAR(10),
    ->     c4 VARCHAR(10)
    -> ) CHARSET=ascii ROW_FORMAT=COMPACT;
Query OK, 0 rows affected (0.03 sec)
```

### COMPACT行格式

废话不多说，直接看图：

![image_1c9g4t114n0j1gkro2r1h8h1d1t16.png](https://p1-jj.byteimg.com/tos-cn-i-t2oaga2asx/gold-user-assets/2019/3/12/169710e8fafc21aa~tplv-t2oaga2asx-zoom-in-crop-mark:3024:0:0:0.image)

大家从图中可以看出来，一条完整的记录其实可以被分为`记录的额外信息`和`记录的真实数据`两大部分，下边我们详细看一下这两部分的组成。

#### 记录的额外信息

这部分信息是服务器为了描述这条记录而不得不额外添加的一些信息，这些额外信息分为3类，分别是`变长字段长度列表`、`NULL值列表`和`记录头信息`，我们分别看一下。

##### 变长字段长度列表

我们知道`MySQL`支持一些变长的数据类型，比如`VARCHAR(M)`、`VARBINARY(M)`、各种`TEXT`类型，各种`BLOB`类型，我们也可以把拥有这些数据类型的列称为`变长字段`，变长字段中存储多少字节的数据是不固定的，所以我们在存储真实数据的时候需要顺便把这些数据占用的字节数也存起来，这样才不至于把`MySQL`服务器搞懵，所以这些变长字段占用的存储空间分为两部分：

1. 真正的数据内容
2. 占用的字节数

在`Compact`行格式中，把所有变长字段的真实数据占用的字节长度都存放在记录的开头部位，从而形成一个变长字段长度列表，各变长字段数据占用的字节数按照列的顺序逆序存放，我们再次强调一遍，是逆序存放！

##### NULL值列表

我们知道表中的某些列可能存储`NULL`值，如果把这些`NULL`值都放到`记录的真实数据`中存储会很占地方，所以`Compact`行格式把这些值为`NULL`的列统一管理起来，存储到`NULL`值列表中

##### 记录头信息

除了`变长字段长度列表`、`NULL值列表`之外，还有一个用于描述记录的`记录头信息`，它是由固定的`5`个字节组成。`5`个字节也就是`40`个二进制位，不同的位代表不同的意思，如图：

![image_1c9geiglj1ah31meo80ci8n1eli8f.png-29.5kB](https://p1-jj.byteimg.com/tos-cn-i-t2oaga2asx/gold-user-assets/2019/3/12/169710e97718ef01~tplv-t2oaga2asx-zoom-in-crop-mark:3024:0:0:0.image)

这些二进制位代表的详细信息如下表：

| 名称           | 大小（单位：bit） | 描述                                                         |
| -------------- | ----------------- | ------------------------------------------------------------ |
| `预留位1`      | `1`               | 没有使用                                                     |
| `预留位2`      | `1`               | 没有使用                                                     |
| `delete_mask`  | `1`               | 标记该记录是否被删除                                         |
| `min_rec_mask` | `1`               | B+树的每层非叶子节点中的最小记录都会添加该标记               |
| `n_owned`      | `4`               | 表示当前记录拥有的记录数                                     |
| `heap_no`      | `13`              | 表示当前记录在记录堆的位置信息                               |
| `record_type`  | `3`               | 表示当前记录的类型，`0`表示普通记录，`1`表示B+树非叶子节点记录，`2`表示最小记录，`3`表示最大记录 |
| `next_record`  | `16`              | 表示下一条记录的相对位置                                     |

#### 记录的真实数据

对于`record_format_demo`表来说，`记录的真实数据`除了`c1`、`c2`、`c3`、`c4`这几个我们自己定义的列的数据以外，`MySQL`会为每个记录默认的添加一些列（也称为`隐藏列`），具体的列如下：

| 列名             | 是否必须 | 占用空间 | 描述                   |
| ---------------- | -------- | -------- | ---------------------- |
| `row_id`         | 否       | `6`字节  | 行ID，唯一标识一条记录 |
| `transaction_id` | 是       | `6`字节  | 事务ID                 |
| `roll_pointer`   | 是       | `7`字节  | 回滚指针               |

```!
小贴士：

实际上这几个列的真正名称其实是：DB_ROW_ID、DB_TRX_ID、DB_ROLL_PTR，我们为了美观才写成了row_id、transaction_id和roll_pointer。
```

这里需要提一下`InnoDB`表对主键的生成策略：优先使用用户自定义主键作为主键，如果用户没有定义主键，则选取一个`Unique`键作为主键，如果表中连`Unique`键都没有定义的话，则`InnoDB`会为表默认添加一个名为`row_id`的隐藏列作为主键。所以我们从上表中可以看出：InnoDB存储引擎会为每条记录都添加 ***transaction_id*** 和 ***roll_pointer*** 这两个列，但是 ***row_id*** 是可选的（在没有自定义主键以及Unique键的情况下才会添加该列）。这些隐藏列的值不用我们操心，`InnoDB`存储引擎会自己帮我们生成的。

#### CHAR(M)列的存储格式

对于 ***CHAR(M)*** 类型的列来说，当列采用的是定长字符集时，该列占用的字节数不会被加到变长字段长度列表，而如果采用变长字符集时，该列占用的字节数也会被加到变长字段长度列表。

另外有一点还需要注意，变长字符集的`CHAR(M)`类型的列要求至少占用`M`个字节，而`VARCHAR(M)`却没有这个要求。比方说对于使用`utf8`字符集的`CHAR(10)`的列来说，该列存储的数据字节长度的范围是10～30个字节。即使我们向该列中存储一个空字符串也会占用`10`个字节，这是怕将来更新该列的值的字节长度大于原有值的字节长度而小于10个字节时，可以在该记录处直接更新，而不是在存储空间中重新分配一个新的记录空间，导致原有的记录空间成为所谓的碎片。

<font color=#008000>`Compact`</font>行格式在`CHAR(M)`类型的列中存储数据的时候还挺麻烦，分变长字符集和定长字符集的情况，而在`Redundant`行格式中十分干脆，不管该列使用的字符集是啥，只要是使用`CHAR(M)`类型，占用的真实数据空间就是该字符集表示一个字符最多需要的字节数和`M`的乘积。比方说使用`utf8`字符集的`CHAR(10)`类型的列占用的真实数据空间始终为`30`个字节，使用`gbk`字符集的`CHAR(10)`类型的列占用的真实数据空间始终为`20`个字节。由此可以看出来，使用`Redundant`行格式的`CHAR(M)`类型的列是不会产生碎片的。

### 行溢出数据

#### VARCHAR(M)最多能存储的数据

我们知道对于`VARCHAR(M)`类型的列最多可以占用`65535`个字节。其中的`M`代表该类型最多存储的字符数量，如果我们使用`ascii`字符集的话，一个字符就代表一个字节，我们看看`VARCHAR(65535)`是否可用：

```
mysql> CREATE TABLE varchar_size_demo(
    ->     c VARCHAR(65535)
    -> ) CHARSET=ascii ROW_FORMAT=Compact;
ERROR 1118 (42000): Row size too large. The maximum row size for the used table type, not counting BLOBs, is 65535. This includes storage overhead, check the manual. You have to change some columns to TEXT or BLOBs
mysql>
```

从报错信息里可以看出，`MySQL`对一条记录占用的最大存储空间是有限制的，除了`BLOB`或者`TEXT`类型的列之外，其他所有的列（不包括隐藏列和记录头信息）占用的字节长度加起来不能超过`65535`个字节。所以`MySQL`服务器建议我们把存储类型改为`TEXT`或者`BLOB`的类型。这个`65535`个字节除了列本身的数据之外，还包括一些其他的数据（`storage overhead`），比如说我们为了存储一个`VARCHAR(M)`类型的列，其实需要占用3部分存储空间：

- 真实数据
- 真实数据占用字节的长度
- `NULL`值标识，如果该列有`NOT NULL`属性则可以没有这部分存储空间

如果该`VARCHAR`类型的列没有`NOT NULL`属性，那最多只能存储`65532`个字节的数据，因为真实数据的长度可能占用2个字节，`NULL`值标识需要占用1个字节：

```
mysql> CREATE TABLE varchar_size_demo(
    ->      c VARCHAR(65532)
    -> ) CHARSET=ascii ROW_FORMAT=Compact;
Query OK, 0 rows affected (0.02 sec)
```

如果`VARCHAR`类型的列有`NOT NULL`属性，那最多只能存储`65533`个字节的数据，因为真实数据的长度可能占用2个字节，不需要`NULL`值标识：

```
mysql> DROP TABLE varchar_size_demo;
Query OK, 0 rows affected (0.01 sec)

mysql> CREATE TABLE varchar_size_demo(
    ->      c VARCHAR(65533) NOT NULL
    -> ) CHARSET=ascii ROW_FORMAT=Compact;
Query OK, 0 rows affected (0.02 sec)
```

如果`VARCHAR(M)`类型的列使用的不是`ascii`字符集，那会怎么样呢？来看一下：

```
mysql> DROP TABLE varchar_size_demo;
Query OK, 0 rows affected (0.00 sec)

mysql> CREATE TABLE varchar_size_demo(
    ->       c VARCHAR(65532)
    -> ) CHARSET=gbk ROW_FORMAT=Compact;
ERROR 1074 (42000): Column length too big for column 'c' (max = 32767); use BLOB or TEXT instead

mysql> CREATE TABLE varchar_size_demo(
    ->       c VARCHAR(65532)
    -> ) CHARSET=utf8 ROW_FORMAT=Compact;
ERROR 1074 (42000): Column length too big for column 'c' (max = 21845); use BLOB or TEXT instead
```

从执行结果中可以看出，如果`VARCHAR(M)`类型的列使用的不是`ascii`字符集，那`M`的最大取值取决于该字符集表示一个字符最多需要的字节数。在列的值允许为`NULL`的情况下，`gbk`字符集表示一个字符最多需要`2`个字节，那在该字符集下，`M`的最大取值就是`32766`（也就是：65532/2），也就是说最多能存储`32766`个字符；`utf8`字符集表示一个字符最多需要`3`个字节，那在该字符集下，`M`的最大取值就是`21844`，就是说最多能存储`21844`（也就是：65532/3）个字符。

```!
小贴士：

上述所言在列的值允许为NULL的情况下，gbk字符集下M的最大取值就是32766，utf8字符集下M的最大取值就是21844，这都是在表中只有一个字段的情况下说的，一定要记住一个行中的所有列（不包括隐藏列和记录头信息）占用的字节长度加起来不能超过65535个字节！
```

#### 记录中的数据太多产生的溢出

我们以`ascii`字符集下的`varchar_size_demo`表为例，插入一条记录：

```
mysql> CREATE TABLE varchar_size_demo(
    ->       c VARCHAR(65532)
    -> ) CHARSET=ascii ROW_FORMAT=Compact;
Query OK, 0 rows affected (0.01 sec)

mysql> INSERT INTO varchar_size_demo(c) VALUES(REPEAT('a', 65532));
Query OK, 1 row affected (0.00 sec)
```

其中的`REPEAT('a', 65532)`是一个函数调用，它表示生成一个把字符`'a'`重复`65532`次的字符串。前边说过，`MySQL`中磁盘和内存交互的基本单位是`页`，也就是说`MySQL`是以`页`为基本单位来管理存储空间的，我们的记录都会被分配到某个`页`中存储。而一个页的大小一般是`16KB`，也就是`16384`字节，而一个`VARCHAR(M)`类型的列就最多可以存储`65532`个字节，这样就可能造成一个页存放不了一条记录的尴尬情况。

在`Compact`和`Redundant`行格式中，对于占用存储空间非常大的列，在`记录的真实数据`处只会存储该列的一部分数据，把剩余的数据分散存储在几个其他的页中，然后`记录的真实数据`处用20个字节存储指向这些页的地址（当然这20个字节中还包括这些分散在其他页面中的数据的占用的字节数），从而可以找到剩余数据所在的页，如图所示：

![image_1d48e3imu1vcp5rsh8cg0b1o169.png-149kB](https://p1-jj.byteimg.com/tos-cn-i-t2oaga2asx/gold-user-assets/2019/3/12/169710e9aab47ea5~tplv-t2oaga2asx-zoom-in-crop-mark:3024:0:0:0.image)

从图中可以看出来，对于`Compact`和`Redundant`行格式来说，如果某一列中的数据非常多的话，在本记录的真实数据处只会存储该列的前`768`个字节的数据和一个指向其他页的地址，然后把剩下的数据存放到其他页中，这个过程也叫做`行溢出`，存储超出`768`字节的那些页面也被称为`溢出页`。画一个简图就是这样：

![image_1conbskr7apj19ns1d194vs1buo1t.png-35.8kB](https://p1-jj.byteimg.com/tos-cn-i-t2oaga2asx/gold-user-assets/2019/3/12/169710e9a5d5637a~tplv-t2oaga2asx-zoom-in-crop-mark:3024:0:0:0.image)

最后需要注意的是，不只是 ***VARCHAR(M)*** 类型的列，其他的 ***TEXT***、***BLOB*** 类型的列在存储数据非常多的时候也会发生`行溢出`。

#### 行溢出的临界点

那发生`行溢出`的临界点是什么呢？也就是说在列存储多少字节的数据时就会发生`行溢出`？

`MySQL`中规定一个页中至少存放两行记录，至于为什么这么规定我们之后再说，现在看一下这个规定造成的影响。以上边的`varchar_size_demo`表为例，它只有一个列`c`，我们往这个表中插入两条记录，每条记录最少插入多少字节的数据才会`行溢出`的现象呢？这得分析一下页中的空间都是如何利用的。

- 每个页除了存放我们的记录以外，也需要存储一些额外的信息，乱七八糟的额外信息加起来需要`132`个字节的空间（现在只要知道这个数字就好了），其他的空间都可以被用来存储记录。

- 每个记录需要的额外信息是`27`字节。

  这27个字节包括下边这些部分：

  - 2个字节用于存储真实数据的长度
  - 1个字节用于存储列是否是NULL值
  - 5个字节大小的头信息
  - 6个字节的`row_id`列
  - 6个字节的`transaction_id`列
  - 7个字节的`roll_pointer`列

假设一个列中存储的数据字节数为n，设计`MySQL`的大叔规定如果该列不发生溢出的现象，就需要满足下边这个式子：

```
132 + 2×(27 + n) < 16384
```

求解这个式子得出的解是：`n < 8099`。也就是说如果一个列中存储的数据小于`8099`个字节，那么该列就不会成为`溢出列`，否则该列就需要成为`溢出列`。不过这个`8099`个字节的结论只是针对只有一个列的`varchar_size_demo`表来说的，如果表中有多个列，那上边的式子和结论都需要改一改了，所以重点就是：你不用关注这个临界点是什么，只要知道如果我们一条记录的某个列中存储的数据占用的字节数非常多时，该列就可能成为`溢出列`。